A08772128,Aguirre,Juan Jose,C,,755947,,jjaguirr@ucsd.edu,jjaguirr
A07515303,Akbari,Farhad,C,,755947,,fakbari@ucsd.edu,fakbari
A98500851,Alafate,Julaiti,C,,755947,,jalafate@ucsd.edu,jalafate
A09674629,Bagalacsa,Alexandra San Antonio,C,,755947,,abagalac@ucsd.edu,abagalac
A10258573,Bernaldez,Brandon Sale,C,,755947,,bbernald@ucsd.edu,bbernald
A09424825,Bhatt,Kushal Kartik,C,,755947,,kbhatt@ucsd.edu,kbhatt
A09472240,Brew,Connor Michael,C,,755947,,cbrew@ucsd.edu,cbrew
A08099485,Briggs,Donald Clay,C,,755947,,dbriggs@ucsd.edu,dbriggs
A05744457,Bui,Tuan D,C,,755947,,tbui@ucsd.edu,tbui
A10011768,Buoncristiani,James Arthur,C,,755947,,jbuoncri@ucsd.edu,jbuoncri
A10013162,Butt,Danish Z,C,,755947,,dbutt@ucsd.edu,dbutt
A08699502,Castro,Richard S,C,,755947,,rscastro@ucsd.edu,rscastro
A09427983,Chan,Daniel Chi-Chung,C,,755947,,dcc003@ucsd.edu,dcc003
A09485731,Chandler,Amy Marie,C,,755947,,amchandl@ucsd.edu,amchandl
A08689818,Chang,Christopher Chen-kung,C,,755947,,c2chang@ucsd.edu,c2chang
A09542598,Chao,Frank Ming,C,,755947,,fmchao@ucsd.edu,fmchao
A08901505,Chen,Alvin,C,,755947,,alc012@ucsd.edu,alc012
A11026843,Chen,Xiaojian,C,,755947,,xic049@ucsd.edu,xic049
A09548235,Chi,Timmy Gia,C,,755947,,tchi@ucsd.edu,tchi
A10037129,Chiou,Edward,C,,755947,,edchiou@ucsd.edu,edchiou
A09567457,Chiu,Jackie,C,,755947,,j7chiu@ucsd.edu,j7chiu
A10021002,Cho,Justin M S,C,,755947,,jmc001@ucsd.edu,jmc001
A10249421,Chuong,Scott,C,,755947,,schuong@ucsd.edu,schuong
A08662145,Cortez,Carlos Alejandro,C,,755947,,c1cortez@ucsd.edu,c1cortez
A08790607,Cunningham,Elizabeth Thao,C,,755947,,ecunning@ucsd.edu,ecunning
A08101955,Darnell,Joshua Sebastian,C,,755947,,jdarnell@ucsd.edu,jdarnell
A09349172,Dasari,Vishal Reddy,C,,755947,,vdasari@ucsd.edu,vdasari
A08308343,Dawson,David Justin,C,,755947,,djdawson@ucsd.edu,djdawson
A10015009,Do,Victoria Quynh,C,,755947,,vqdo@ucsd.edu,vqdo
A09192888,Drabik,David Jason,C,,755947,,ddrabik@ucsd.edu,ddrabik
A10303978,Eisenbarger,Daniel Dean,C,,755947,,deisenba@ucsd.edu,deisenba
A08743062,Ellis,Benjamin Stephen,C,,755947,,bellis@ucsd.edu,bellis
A07218834,Fiola,Benjamin Michael,C,,755947,,bfiola@ucsd.edu,bfiola
A10272963,Franke,Johnathan Steven,C,,755947,,jfranke@ucsd.edu,jfranke
A08952742,Gates,Tyler Tadashi,C,,755947,,tgates@ucsd.edu,tgates
A08685281,Gray,Thomas Stafford,C,,755947,,tsgray@ucsd.edu,tsgray
A09789954,Gustafson,Eric Alan,C,,755947,,egustafs@ucsd.edu,egustafs
A09556177,Hauss,Samuel Jacob,C,,755947,,shauss@ucsd.edu,shauss
A10295286,Herrera-Ortiz,Esequiel,C,,755947,,e5herrer@ucsd.edu,e5herrer
A10258425,Ho,Jonathan Wilson,C,,755947,,jwh014@ucsd.edu,jwh014
A08995023,Hom,Kenneth K,C,,755947,,kkhom@ucsd.edu,kkhom
A09102800,Hua,Philip Minh,C,,755947,,pmhua@ucsd.edu,pmhua
A09318184,Huang,Zizhao,C,,755947,,zih001@ucsd.edu,zih001
A08946132,Ing,David Alexander,C,,755947,,ding@ucsd.edu,ding
A09279916,Itani,Abdulhafiz Omar,C,,755947,,aitani@ucsd.edu,aitani
A09008374,Johnson,Nicholas David,C,,755947,,ndjohnso@ucsd.edu,ndjohnso
A08876697,Kalra,Mahir Singh,C,,755947,,mskalra@ucsd.edu,mskalra
A09927460,Kang,Eun Song,C,,755947,,esk021@ucsd.edu,esk021
A09442344,Khan,Rumzi Moiz,C,,755947,,rmkhan@ucsd.edu,rmkhan
A09594647,Kim,Hyung-Ook,C,,755947,,hyk053@ucsd.edu,hyk053
A07434908,Ko,Tony  Tk,C,,755947,,ttko@ucsd.edu,ttko
A09162701,Koa,Kirsten Ashley Wong,C,,755947,,kkoa@ucsd.edu,kkoa
A08482635,Kohsuwan,Pinky,C,,755947,,pkohsuwa@ucsd.edu,pkohsuwa
A08987672,Kwan,Wendy Yun Yun,C,,755947,,w1kwan@ucsd.edu,w1kwan
A09092057,Lang,Trevor Alan,C,,755947,,tlang@ucsd.edu,tlang
A09494953,Larson,Russell Arthur,C,,755947,,ralarson@ucsd.edu,ralarson
A10133604,Lau,Wesley Kayu,C,,755947,,w7lau@ucsd.edu,w7lau
A09548716,Lee,David,C,,755947,,dal039@ucsd.edu,dal039
A97027128,Lee,Heather Amanda,C,,755947,,hal010@ucsd.edu,hal010
A96086186,Li,Helen,C,,755947,,hel012@ucsd.edu,hel012
A97071753,Li,Xiaoqing,C,,755947,,xil056@ucsd.edu,xil056
A08810128,Liao,Joy,C,,755947,,joliao@ucsd.edu,joliao
A09585235,Liao,Ryan,C,,755947,,ryliao@ucsd.edu,ryliao
A08642775,Lighterink,Andrew John,C,,755947,,alighter@ucsd.edu,alighter
A08664083,Lin,Andrew,C,,755947,,a8lin@ucsd.edu,a8lin
A10000861,Lin,Elizabeth,C,,755947,,ell010@ucsd.edu,ell010
A10275372,Liu,Monica Cher,C,,755947,,mcl018@ucsd.edu,mcl018
A10276714,Liu,Thomas Yao,C,,755947,,tyl015@ucsd.edu,tyl015
A08612155,Lopez,Arturo,C,,755947,,a1lopez@ucsd.edu,a1lopez
A10232156,Lopez,Tyler Darin,C,,755947,,tlopez@ucsd.edu,tlopez
A10145027,Loza,Daniel,C,,755947,,dloza@ucsd.edu,dloza
A09923455,Luo,Michael Zheng Long,C,,755947,,mzluo@ucsd.edu,mzluo
A09579539,Ma,Nathan Chan,C,,755947,,n5ma@ucsd.edu,n5ma
A10210333,Mahdavi,Shayan,C,,755947,,s2mahdav@ucsd.edu,s2mahdav
A09813173,Manafian,Rustin Ali,C,,755947,,rmanafia@ucsd.edu,rmanafia
A09794248,Maskiewicz,Jacob Edward Cordero,C,,755947,,jmaskiew@ucsd.edu,jmaskiew
A09659850,Means,Kevin James,C,,755947,,kjmeans@ucsd.edu,kjmeans
A07121932,Miyano,Takeshi Andrew,C,,755947,,tmiyano@ucsd.edu,tmiyano
A09807496,More,Ninad Nitin,C,,755947,,nmore@ucsd.edu,nmore
A96065093,Mun,Louis H,C,,755947,,lhmun@ucsd.edu,lhmun
A97424977,Murase,Yukitoshi,C,,755947,,ymurase@ucsd.edu,ymurase
A97419572,Nam,Kyudong,C,,755947,,k2nam@ucsd.edu,k2nam
A08796526,Ng,Andrew Cheuk-Wai,C,,755947,,acng@ucsd.edu,acng
A10187446,Ngo,Christopher Tang,C,,755947,,ctngo@ucsd.edu,ctngo
A09114670,Ngo,Jeffrey,C,,755947,,j8ngo@ucsd.edu,j8ngo
A10095800,Nguyen,Angie Ngoc Anh,C,,755947,,ann045@ucsd.edu,ann045
A10280499,Ogienko,Yury,C,,755947,,yogienko@ucsd.edu,yogienko
A09177491,Pagenkopf,Skylar Ashley,C,,755947,,spagenko@ucsd.edu,spagenko
A08744128,Palguta,Brock Bennett,C,,755947,,bpalguta@ucsd.edu,bpalguta
A10229338,Park,Daniel Sun Woo,C,,755947,,dsp007@ucsd.edu,dsp007
A97418467,Park,Hye Seong,C,,755947,,hsp009@ucsd.edu,hsp009
A10289470,Parmar,Jaysen Bardev,C,,755947,,jparmar@ucsd.edu,jparmar
A09299453,Pearson,Justin Alexander,C,,755947,,j2pearso@ucsd.edu,j2pearso
A08812199,Peng,Helen,C,,755947,,h3peng@ucsd.edu,h3peng
A09240865,Perng,Jeremy Leonard,C,,755947,,jperng@ucsd.edu,jperng
A09989659,Phu,Eric,C,,755947,,erphu@ucsd.edu,erphu
A09443157,Pickett,Luke Edmund,C,,755947,,lpickett@ucsd.edu,lpickett
A08085069,Pimentel,Ricardo G,C,,755947,,rpimente@ucsd.edu,rpimente
A08553754,Pinpin,Alejandro Dagoc,C,,755947,,apinpin@ucsd.edu,apinpin
A09821191,Procopio,Alejandro,C,,755947,,aprocopi@ucsd.edu,aprocopi
A09662312,Rallo,Rodrigo Antonio,C,,755947,,rrallo@ucsd.edu,rrallo
A08535398,Rasmussen,Matthew Layne,C,,755947,,m1rasmus@ucsd.edu,m1rasmus
A09243929,Renfrew,Benjamin David Royce,C,,755947,,brenfrew@ucsd.edu,brenfrew
A09519576,Samarin,Jason Alex,C,,755947,,jsamarin@ucsd.edu,jsamarin
A08473413,Samra,Amandeep,C,,755947,,asamra@ucsd.edu,asamra
A08995520,Scheifer,Matthew Jacobi,C,,755947,,mscheife@ucsd.edu,mscheife
A09587578,Shao,Churen,C,,755947,,cshao@ucsd.edu,cshao
A95194567,Shu,Bowen,C,,755947,,boshu@ucsd.edu,boshu
A09914765,Simbol,Jose Alfonso Alvarez,C,,755947,,jsimbol@ucsd.edu,jsimbol
A09306060,Singh,Sumeet,C,,755947,,sus005@ucsd.edu,sus005
A09500599,Smith,Peyton Chiossi,C,,755947,,pcs001@ucsd.edu,pcs001
A10233937,So,Kyle Spencer Frani,C,,755947,,ksso@ucsd.edu,ksso
A09382584,Solomon,Austin Gray,C,,755947,,agsolomo@ucsd.edu,agsolomo
A09382602,Song,Kyung Joon,C,,755947,,k3song@ucsd.edu,k3song
A09438404,Sonnikson,Joshua Michael,C,,755947,,jsonniks@ucsd.edu,jsonniks
A08337054,Stepanian,Michael,C,,755947,,mstepani@ucsd.edu,mstepani
A08295443,Stock,Kyle David,C,,755947,,kstock@ucsd.edu,kstock
A97106252,Styles,Collin Gregory,C,,755947,,cstyles@ucsd.edu,cstyles
A09285892,Subramanian,Arvind Venkat,C,,755947,,avsubram@ucsd.edu,avsubram
A09280387,Syu,Darren,C,,755947,,dasyu@ucsd.edu,dasyu
A09964501,Tang,Scott The,C,,755947,,stt015@ucsd.edu,stt015
A09632786,Tanuwidjaja,Enrico Bern Hardy,C,,755947,,etanuwid@ucsd.edu,etanuwid
A96028639,Toor,Chirag Singh,C,,755947,,ctoor@ucsd.edu,ctoor
A10533705,Totman,Joshua Eddie,C,,755947,,jtotman@ucsd.edu,jtotman
A09458961,Toung,Nathaniel,C,,755947,,ntoung@ucsd.edu,ntoung
A98408931,Tsui,Brian Yik Tak,C,,755947,,btsui@ucsd.edu,btsui
A09254534,Varnau,Alexander Ross,C,,755947,,avarnau@ucsd.edu,avarnau
A10134729,Wang,Bernard Chengyang,C,,755947,,bcw004@ucsd.edu,bcw004
A08750356,Wang,David Hong,C,,755947,,dhw002@ucsd.edu,dhw002
A09470171,Wang,Joe Zhou,C,,755947,,jzw005@ucsd.edu,jzw005
A10048415,Wang,Nicholas,C,,755947,,niwang@ucsd.edu,niwang
A94058165,Wang,Pengyu,C,,755947,,pew007@ucsd.edu,pew007
A09971008,Wilson,Kyle Robert,C,,755947,,krwilson@ucsd.edu,krwilson
A09016698,Wilson,Zachary Michael,C,,755947,,zmwilson@ucsd.edu,zmwilson
A11041559,Withana,Dhanuk Patuwatha,C,,755947,,dwithana@ucsd.edu,dwithana
A98429310,Won,Yuil,C,,755947,,yuwon@ucsd.edu,yuwon
A09603028,Wong,Celia Wei-Der,C,,755947,,cww006@ucsd.edu,cww006
A10058027,Wong,Edward,C,,755947,,e4wong@ucsd.edu,e4wong
A08630657,Wong,Jonathan Jing-Ning,C,,755947,,j8wong@ucsd.edu,j8wong
A08325204,Woodward,Brian Daniel,C,,755947,,bdwoodwa@ucsd.edu,bdwoodwa
A10284343,Yang,Eric Jie,C,,755947,,ejy001@ucsd.edu,ejy001
A97413956,Yin,Hao,C,,755947,,hayin@ucsd.edu,hayin
A08673628,Young,Benjamin Gee,C,,755947,,byoung@ucsd.edu,byoung
A09293718,Yu,Ziyi,C,,755947,,ziyu@ucsd.edu,ziyu
A97098366,Yuen,Joshua Elliot,C,,755947,,jeyuen@ucsd.edu,jeyuen
A10263137,Yuen,Wilson,C,,755947,,wiyuen@ucsd.edu,wiyuen
A11038687,Zhai,Zhen,C,,755947,,zzhai@ucsd.edu,zzhai
A10095844,Zhang,Danny Yonghao,C,,755947,,dyzhang@ucsd.edu,dyzhang
